// Jest Snapshot v1, https://goo.gl/fbAQLP

exports[`matches snapshot 1`] = `
<DocumentFragment>
  <div
    class="App"
  >
    <div>
      <form>
        <label
          for="width"
        >
          Width
        </label>
        <input
          id="width"
          name="width"
          placeholder="width"
          value=""
        />
        <label
          for="height"
        >
          Height
        </label>
        <input
          id="height"
          name="height"
          placeholder="height"
          value=""
        />
        <label
          for="backgroundColor"
        >
          Background Color
        </label>
        <input
          id="backgroundColor"
          name="backgroundColor"
          placeholder="backgroundColor"
          value=""
        />
        <button>
          Add
        </button>
      </form>
      <div />
    </div>
  </div>
</DocumentFragment>
`;
