// Jest Snapshot v1, https://goo.gl/fbAQLP

exports[`matches snapshot 1`] = `
<DocumentFragment>
  <div>
    <div
      class="Todo"
    />
    <div>
      <button>
        X
      </button>
    </div>
  </div>
</DocumentFragment>
`;
